Analyzing hometechnify...                                       

warning - The value of the field '_iconsPath' isn't used - lib\core\constants\app_assets.dart:6:23 - unused_field
warning - Unused import: '../constants/constants.dart' - lib\core\services\api_service.dart:5:8 - unused_import
   info - Don't invoke 'print' in production code - lib\core\services\api_service.dart:50:12 - avoid_print
   info - Don't invoke 'print' in production code - lib\core\services\api_service.dart:76:7 - avoid_print
   info - Don't invoke 'print' in production code - lib\core\services\api_service.dart:78:7 - avoid_print
   info - Don't invoke 'print' in production code - lib\core\services\background_service.dart:5:5 - avoid_print
   info - Don't invoke 'print' in production code - lib\core\services\background_service.dart:10:5 - avoid_print
   info - Don't invoke 'print' in production code - lib\core\services\map_service.dart:8:7 - avoid_print
   info - Don't invoke 'print' in production code - lib\core\services\map_service.dart:10:7 - avoid_print
warning - Unused import: 'package:flutter/material.dart' - lib\core\services\notification_service.dart:3:8 - unused_import
   info - Don't invoke 'print' in production code - lib\core\services\notification_service.dart:11:3 - avoid_print
   info - Don't invoke 'print' in production code - lib\core\services\notification_service.dart:54:9 - avoid_print
   info - Don't invoke 'print' in production code - lib\core\services\notification_service.dart:64:23 - avoid_print
   info - Don't invoke 'print' in production code - lib\core\services\notification_service.dart:70:16 - avoid_print
   info - Type could be non-nullable - lib\core\services\notification_service.dart:80:19 - unnecessary_nullable_for_final_variable_declarations
   info - Don't invoke 'print' in production code - lib\core\services\notification_service.dart:83:10 - avoid_print
   info - Don't invoke 'print' in production code - lib\core\services\notification_service.dart:98:6 - avoid_print
warning - Unnecessary type check; the result is always 'true' - lib\core\services\notification_service.dart:105:16 - unnecessary_type_check
   info - Don't invoke 'print' in production code - lib\core\services\notification_service.dart:111:12 - avoid_print
   info - Don't invoke 'print' in production code - lib\core\services\notification_service.dart:153:7 - avoid_print
   info - Don't invoke 'print' in production code - lib\core\services\notification_service.dart:156:7 - avoid_print
   info - The prefix 'IO' isn't a lower_case_with_underscores identifier - lib\core\services\socket_service.dart:1:60 - library_prefixes
   info - The imported package 'path' isn't a dependency of the importing package - lib\core\services\supabase_service.dart:6:8 - depend_on_referenced_packages
warning - The value of the local variable 'response' isn't used - lib\core\services\supabase_service.dart:29:13 - unused_local_variable
   info - Don't invoke 'print' in production code - lib\core\services\supabase_service.dart:40:7 - avoid_print
   info - Don't invoke 'print' in production code - lib\core\services\supabase_service.dart:122:7 - avoid_print
   info - Don't invoke 'print' in production code - lib\core\services\supabase_service.dart:140:7 - avoid_print
   info - Don't invoke 'print' in production code - lib\core\services\supabase_service.dart:156:7 - avoid_print
   info - Don't invoke 'print' in production code - lib\core\services\supabase_service.dart:179:7 - avoid_print
   info - Don't invoke 'print' in production code - lib\core\services\supabase_service.dart:204:7 - avoid_print
warning - Unused import: 'package:dio/dio.dart' - lib\features\address\data\repositories\remote_address_repository.dart:1:8 - unused_import
warning - Unused import: '../../../../core/config/env_config.dart' - lib\features\address\data\repositories\remote_address_repository.dart:4:8 - unused_import
warning - Unused import: '../../core/widgets/async_value_wrapper.dart' - lib\features\address\my_addresses_screen.dart:11:8 - unused_import
   info - Don't use 'BuildContext's across async gaps - lib\features\address\my_addresses_screen.dart:353:56 - use_build_context_synchronously
   info - Don't use 'BuildContext's across async gaps - lib\features\address\my_addresses_screen.dart:356:53 - use_build_context_synchronously
   info - Don't use 'BuildContext's across async gaps - lib\features\address\my_addresses_screen.dart:359:51 - use_build_context_synchronously
   info - Don't use 'BuildContext's across async gaps - lib\features\address\providers\address_provider.dart:72:34 - use_build_context_synchronously
   info - Don't use 'BuildContext's across async gaps - lib\features\address\providers\address_provider.dart:74:32 - use_build_context_synchronously
   info - Don't use 'BuildContext's across async gaps - lib\features\address\providers\address_provider.dart:96:34 - use_build_context_synchronously
   info - Don't use 'BuildContext's across async gaps - lib\features\address\providers\address_provider.dart:100:32 - use_build_context_synchronously
warning - Unnecessary cast - lib\features\admin\screens\admin_notification_screen.dart:86:46 - unnecessary_cast
warning - Unnecessary cast - lib\features\admin\screens\admin_notification_screen.dart:88:65 - unnecessary_cast
warning - Unnecessary cast - lib\features\admin\screens\admin_notification_screen.dart:91:30 - unnecessary_cast
warning - Unnecessary cast - lib\features\admin\screens\admin_notification_screen.dart:91:75 - unnecessary_cast
warning - Unnecessary cast - lib\features\admin\screens\admin_notification_screen.dart:93:30 - unnecessary_cast
warning - Unnecessary cast - lib\features\admin\screens\admin_notification_screen.dart:93:119 - unnecessary_cast
warning - Unnecessary cast - lib\features\admin\screens\admin_notification_screen.dart:94:101 - unnecessary_cast
warning - Unused import: 'package:flutter_animate/flutter_animate.dart' - lib\features\admin\screens\admin_provider_auth_screen.dart:4:8 - unused_import
   info - Unnecessary use of multiple underscores - lib\features\admin\screens\admin_provider_recycle_bin_screen.dart:38:39 - unnecessary_underscores
   info - Unnecessary use of multiple underscores - lib\features\admin\screens\admin_recycle_bin_screen.dart:37:39 - unnecessary_underscores
   info - 'value' is deprecated and shouldn't be used. Use initialValue instead. This will set the initial value for the form field. This feature was deprecated after v3.33.0-1.0.pre - lib\features\admin\screens\admin_services_screen.dart:99:13 - deprecated_member_use
warning - Unused import: 'package:flutter_animate/flutter_animate.dart' - lib\features\admin\screens\admin_user_auth_screen.dart:4:8 - unused_import
   info - Unnecessary braces in a string interpolation - lib\features\admin\screens\admin_users_screen.dart:222:24 - unnecessary_brace_in_string_interps
warning - Unused import: 'package:provider/provider.dart' - lib\features\admin\screens\provider_verification_admin_screen.dart:6:8 - unused_import
warning - Unused import: 'package:webview_flutter/webview_flutter.dart' - lib\features\admin\screens\provider_verification_admin_screen.dart:8:8 - unused_import
warning - The value of the field '_isRefreshing' isn't used - lib\features\admin\screens\provider_verification_admin_screen.dart:24:8 - unused_field
warning - Duplicate import - lib\features\auth\data\repositories\remote_auth_repository.dart:6:8 - duplicate_import
warning - Duplicate import - lib\features\auth\data\repositories\remote_auth_repository.dart:9:8 - duplicate_import
   info - Don't invoke 'print' in production code - lib\features\auth\data\repositories\remote_auth_repository.dart:88:11 - avoid_print
   info - Don't invoke 'print' in production code - lib\features\auth\data\repositories\remote_auth_repository.dart:90:11 - avoid_print
   info - Don't invoke 'print' in production code - lib\features\auth\data\repositories\remote_auth_repository.dart:97:12 - avoid_print
   info - Don't invoke 'print' in production code - lib\features\auth\data\repositories\remote_auth_repository.dart:99:12 - avoid_print
   info - Don't invoke 'print' in production code - lib\features\auth\data\repositories\remote_auth_repository.dart:131:7 - avoid_print
   info - Don't invoke 'print' in production code - lib\features\auth\data\repositories\remote_auth_repository.dart:135:7 - avoid_print
   info - Don't invoke 'print' in production code - lib\features\auth\data\repositories\remote_auth_repository.dart:144:14 - avoid_print
   info - Don't invoke 'print' in production code - lib\features\auth\data\repositories\remote_auth_repository.dart:147:12 - avoid_print
   info - Don't invoke 'print' in production code - lib\features\auth\data\repositories\remote_auth_repository.dart:151:10 - avoid_print
   info - Don't invoke 'print' in production code - lib\features\auth\data\repositories\remote_auth_repository.dart:153:10 - avoid_print
   info - Don't invoke 'print' in production code - lib\features\auth\data\repositories\remote_auth_repository.dart:161:9 - avoid_print
   info - Don't invoke 'print' in production code - lib\features\auth\data\repositories\remote_auth_repository.dart:162:9 - avoid_print
   info - Don't invoke 'print' in production code - lib\features\auth\data\repositories\remote_auth_repository.dart:163:9 - avoid_print
   info - Don't invoke 'print' in production code - lib\features\auth\data\repositories\remote_auth_repository.dart:164:9 - avoid_print
   info - Don't invoke 'print' in production code - lib\features\auth\data\repositories\remote_auth_repository.dart:185:20 - avoid_print
   info - Don't invoke 'print' in production code - lib\features\auth\data\repositories\remote_auth_repository.dart:192:9 - avoid_print
   info - Don't invoke 'print' in production code - lib\features\auth\data\repositories\remote_auth_repository.dart:209:9 - avoid_print
   info - Don't invoke 'print' in production code - lib\features\auth\data\repositories\remote_auth_repository.dart:210:9 - avoid_print
   info - Don't invoke 'print' in production code - lib\features\auth\data\repositories\remote_auth_repository.dart:213:9 - avoid_print
   info - Don't invoke 'print' in production code - lib\features\auth\data\repositories\remote_auth_repository.dart:229:13 - avoid_print
   info - Don't invoke 'print' in production code - lib\features\auth\data\repositories\remote_auth_repository.dart:232:11 - avoid_print
   info - Don't invoke 'print' in production code - lib\features\auth\data\repositories\remote_auth_repository.dart:323:11 - avoid_print
   info - Don't invoke 'print' in production code - lib\features\auth\data\repositories\remote_auth_repository.dart:357:9 - avoid_print
   info - Don't invoke 'print' in production code - lib\features\auth\data\repositories\remote_auth_repository.dart:359:9 - avoid_print
warning - Unused import: '../../../../core/errors/failures.dart' - lib\features\auth\domain\repositories\auth_repository.dart:1:8 - unused_import
warning - Unused import: '../../../../core/errors/failures.dart' - lib\features\auth\providers\auth_provider.dart:4:8 - unused_import
   info - Don't use 'BuildContext's across async gaps - lib\features\auth\screens\login_screen.dart:83:46 - use_build_context_synchronously
   info - Unnecessary use of multiple underscores - lib\features\auth\screens\login_screen.dart:506:33 - unnecessary_underscores
   info - Unnecessary use of multiple underscores - lib\features\auth\screens\login_screen.dart:506:37 - unnecessary_underscores
warning - The value of the field '_email' isn't used - lib\features\auth\screens\otp_screen.dart:26:11 - unused_field
warning - Unnecessary type check; the result is always 'true' - lib\features\auth\screens\otp_screen.dart:39:9 - unnecessary_type_check
   info - Don't invoke 'print' in production code - lib\features\auth\screens\otp_screen.dart:98:9 - avoid_print
   info - Don't use 'BuildContext's across async gaps - lib\features\auth\screens\otp_screen.dart:103:41 - use_build_context_synchronously
   info - Don't invoke 'print' in production code - lib\features\auth\screens\signup_screen.dart:108:64 - avoid_print
   info - Don't use 'BuildContext's across async gaps - lib\features\auth\screens\signup_screen.dart:110:47 - use_build_context_synchronously
   info - Don't invoke 'print' in production code - lib\features\auth\screens\signup_screen.dart:132:58 - avoid_print
   info - Don't use 'BuildContext's across async gaps - lib\features\auth\screens\signup_screen.dart:134:41 - use_build_context_synchronously
   info - Unnecessary use of multiple underscores - lib\features\auth\screens\signup_screen.dart:649:29 - unnecessary_underscores
   info - Unnecessary use of multiple underscores - lib\features\auth\screens\signup_screen.dart:649:33 - unnecessary_underscores
   info - Don't use 'BuildContext's across async gaps, guarded by an unrelated 'mounted' check - lib\features\booking\booking_detail_screen.dart:283:33 - use_build_context_synchronously
   info - Don't use 'BuildContext's across async gaps, guarded by an unrelated 'mounted' check - lib\features\booking\booking_detail_screen.dart:291:19 - use_build_context_synchronously
   info - Don't use 'BuildContext's across async gaps, guarded by an unrelated 'mounted' check - lib\features\booking\booking_detail_screen.dart:300:48 - use_build_context_synchronously
   info - Don't use 'BuildContext's across async gaps, guarded by an unrelated 'mounted' check - lib\features\booking\booking_detail_screen.dart:310:31 - use_build_context_synchronously
   info - Don't use 'BuildContext's across async gaps, guarded by an unrelated 'mounted' check - lib\features\booking\booking_detail_screen.dart:719:34 - use_build_context_synchronously
   info - Don't use 'BuildContext's across async gaps, guarded by an unrelated 'mounted' check - lib\features\booking\booking_detail_screen.dart:720:41 - use_build_context_synchronously
   info - Don't use 'BuildContext's across async gaps, guarded by an unrelated 'mounted' check - lib\features\booking\booking_detail_screen.dart:724:41 - use_build_context_synchronously
   info - Don't use 'BuildContext's across async gaps, guarded by an unrelated 'mounted' check - lib\features\booking\booking_detail_screen.dart:804:50 - use_build_context_synchronously
   info - Don't use 'BuildContext's across async gaps, guarded by an unrelated 'mounted' check - lib\features\booking\booking_detail_screen.dart:806:48 - use_build_context_synchronously
   info - 'desiredAccuracy' is deprecated and shouldn't be used. use settings parameter with AndroidSettings, AppleSettings, WebSettings, or LocationSettings - lib\features\booking\booking_screen.dart:127:60 - deprecated_member_use
warning - The value of the local variable 'selected' isn't used - lib\features\booking\booking_screen.dart:341:15 - unused_local_variable
   info - Don't use 'BuildContext's across async gaps - lib\features\booking\booking_screen.dart:851:23 - use_build_context_synchronously
   info - Don't use 'BuildContext's across async gaps - lib\features\booking\booking_screen.dart:854:32 - use_build_context_synchronously
warning - Unused import: 'package:json_annotation/json_annotation.dart' - lib\features\booking\data\models\booking_model.dart:1:8 - unused_import
  error - Undefined class 'BookingModel' - lib\features\booking\data\models\booking_model.g.dart:9:1 - undefined_class
warning - The declaration '_$BookingModelFromJson' isn't referenced - lib\features\booking\data\models\booking_model.g.dart:9:14 - unused_element
  error - The function 'BookingModel' isn't defined - lib\features\booking\data\models\booking_model.g.dart:9:67 - undefined_function
warning - The declaration '_$BookingModelToJson' isn't referenced - lib\features\booking\data\models\booking_model.g.dart:39:22 - unused_element
  error - Undefined class 'BookingModel' - lib\features\booking\data\models\booking_model.g.dart:39:43 - undefined_class
  error - The named parameter 'createdAt' is required, but there's no corresponding argument - lib\features\booking\data\repositories\mock_booking_repository.dart:9:5 - missing_required_argument
  error - The named parameter 'customerId' is required, but there's no corresponding argument - lib\features\booking\data\repositories\mock_booking_repository.dart:9:5 - missing_required_argument
  error - The named parameter 'lat' is required, but there's no corresponding argument - lib\features\booking\data\repositories\mock_booking_repository.dart:9:5 - missing_required_argument
  error - The named parameter 'lng' is required, but there's no corresponding argument - lib\features\booking\data\repositories\mock_booking_repository.dart:9:5 - missing_required_argument
  error - The named parameter 'paymentStatus' is required, but there's no corresponding argument - lib\features\booking\data\repositories\mock_booking_repository.dart:9:5 - missing_required_argument
  error - The named parameter 'serviceId' is required, but there's no corresponding argument - lib\features\booking\data\repositories\mock_booking_repository.dart:9:5 - missing_required_argument
  error - The named parameter 'updatedAt' is required, but there's no corresponding argument - lib\features\booking\data\repositories\mock_booking_repository.dart:9:5 - missing_required_argument
  error - The named parameter 'userId' isn't defined - lib\features\booking\data\repositories\mock_booking_repository.dart:11:7 - undefined_named_parameter
  error - The named parameter 'userName' isn't defined - lib\features\booking\data\repositories\mock_booking_repository.dart:12:7 - undefined_named_parameter
  error - The named parameter 'ratingGiven' isn't defined - lib\features\booking\data\repositories\mock_booking_repository.dart:20:7 - undefined_named_parameter
  error - The named parameter 'review' isn't defined - lib\features\booking\data\repositories\mock_booking_repository.dart:21:7 - undefined_named_parameter
  error - The named parameter 'createdAt' is required, but there's no corresponding argument - lib\features\booking\data\repositories\mock_booking_repository.dart:23:5 - missing_required_argument
  error - The named parameter 'customerId' is required, but there's no corresponding argument - lib\features\booking\data\repositories\mock_booking_repository.dart:23:5 - missing_required_argument
  error - The named parameter 'lat' is required, but there's no corresponding argument - lib\features\booking\data\repositories\mock_booking_repository.dart:23:5 - missing_required_argument
  error - The named parameter 'lng' is required, but there's no corresponding argument - lib\features\booking\data\repositories\mock_booking_repository.dart:23:5 - missing_required_argument
  error - The named parameter 'paymentStatus' is required, but there's no corresponding argument - lib\features\booking\data\repositories\mock_booking_repository.dart:23:5 - missing_required_argument
  error - The named parameter 'serviceId' is required, but there's no corresponding argument - lib\features\booking\data\repositories\mock_booking_repository.dart:23:5 - missing_required_argument
  error - The named parameter 'updatedAt' is required, but there's no corresponding argument - lib\features\booking\data\repositories\mock_booking_repository.dart:23:5 - missing_required_argument
  error - The named parameter 'userId' isn't defined - lib\features\booking\data\repositories\mock_booking_repository.dart:25:7 - undefined_named_parameter
  error - The named parameter 'userName' isn't defined - lib\features\booking\data\repositories\mock_booking_repository.dart:26:7 - undefined_named_parameter
warning - Unused import: '../../../../core/errors/failures.dart' - lib\features\booking\domain\repositories\booking_repository.dart:1:8 - unused_import
warning - Unused import: '../../../auth/domain/repositories/auth_repository.dart' - lib\features\booking\domain\repositories\booking_repository.dart:3:8 - unused_import
warning - Unused import: '../../../../core/errors/failures.dart' - lib\features\booking\providers\booking_provider.dart:5:8 - unused_import
warning - The value of the field '_providerData' isn't used - lib\features\booking\rate_provider_screen.dart:23:30 - unused_field
warning - The value of the field '_serviceData' isn't used - lib\features\booking\rate_provider_screen.dart:28:30 - unused_field
   info - Don't use 'BuildContext's across async gaps, guarded by an unrelated 'mounted' check - lib\features\booking\rate_provider_screen.dart:302:33 - use_build_context_synchronously
   info - Don't use 'BuildContext's across async gaps, guarded by an unrelated 'mounted' check - lib\features\booking\rate_provider_screen.dart:303:40 - use_build_context_synchronously
   info - Don't use 'BuildContext's across async gaps, guarded by an unrelated 'mounted' check - lib\features\booking\rate_provider_screen.dart:307:41 - use_build_context_synchronously
warning - The value of the field '_isTyping' isn't used - lib\features\booking\screens\negotiation_map_screen.dart:43:8 - unused_field
warning - The value of the field '_isLoadingBooking' isn't used - lib\features\booking\screens\negotiation_map_screen.dart:47:8 - unused_field
   info - Don't use 'BuildContext's across async gaps - lib\features\booking\screens\negotiation_map_screen.dart:171:28 - use_build_context_synchronously
   info - Don't use 'BuildContext's across async gaps - lib\features\booking\screens\negotiation_map_screen.dart:204:31 - use_build_context_synchronously
   info - Don't use 'BuildContext's across async gaps - lib\features\booking\screens\negotiation_map_screen.dart:228:30 - use_build_context_synchronously
   info - 'withOpacity' is deprecated and shouldn't be used. Use .withValues() to avoid precision loss - lib\features\booking\screens\negotiation_map_screen.dart:285:56 - deprecated_member_use
   info - 'withOpacity' is deprecated and shouldn't be used. Use .withValues() to avoid precision loss - lib\features\booking\screens\negotiation_map_screen.dart:354:66 - deprecated_member_use
   info - 'withOpacity' is deprecated and shouldn't be used. Use .withValues() to avoid precision loss - lib\features\booking\screens\negotiation_map_screen.dart:354:98 - deprecated_member_use
   info - 'withOpacity' is deprecated and shouldn't be used. Use .withValues() to avoid precision loss - lib\features\booking\screens\negotiation_map_screen.dart:561:43 - deprecated_member_use
   info - 'withOpacity' is deprecated and shouldn't be used. Use .withValues() to avoid precision loss - lib\features\booking\screens\negotiation_map_screen.dart:623:71 - deprecated_member_use
warning - The value of the field '_userLocation' isn't used - lib\features\booking\track_provider_screen.dart:34:11 - unused_field
  error - The method 'ServiceInProgressScreen' isn't defined for the type '_TrackProviderScreenState' - lib\features\booking\track_provider_screen.dart:510:49 - undefined_method
   info - The imported package 'http_parser' isn't a dependency of the importing package - lib\features\chat\data\repositories\remote_chat_repository.dart:6:8 - depend_on_referenced_packages
   info - Statements in an if should be enclosed in a block - lib\features\chat\data\repositories\remote_chat_repository.dart:63:66 - curly_braces_in_flow_control_structures
   info - Statements in an if should be enclosed in a block - lib\features\chat\data\repositories\remote_chat_repository.dart:64:41 - curly_braces_in_flow_control_structures
   info - Statements in an if should be enclosed in a block - lib\features\chat\data\repositories\remote_chat_repository.dart:65:70 - curly_braces_in_flow_control_structures
   info - Statements in an if should be enclosed in a block - lib\features\chat\data\repositories\remote_chat_repository.dart:66:70 - curly_braces_in_flow_control_structures
   info - The private field _typingUsers could be 'final' - lib\features\chat\providers\chat_provider.dart:12:21 - prefer_final_fields
warning - The '!' will have no effect because the receiver can't be null - lib\features\chat\screens\chat_list_screen.dart:292:34 - unnecessary_non_null_assertion
warning - Unused import: 'package:cloud_firestore/cloud_firestore.dart' - lib\features\chat\screens\chat_screen.dart:10:8 - unused_import
warning - The value of the field '_audioPath' isn't used - lib\features\chat\screens\chat_screen.dart:39:11 - unused_field
warning - The value of the local variable 'senderName' isn't used - lib\features\chat\screens\chat_screen.dart:148:12 - unused_local_variable
   info - Unnecessary use of multiple underscores - lib\features\chat\screens\chat_screen.dart:453:36 - unnecessary_underscores
   info - Unnecessary use of multiple underscores - lib\features\chat\screens\chat_screen.dart:453:39 - unnecessary_underscores
   info - Unnecessary use of multiple underscores - lib\features\home\all_services_screen.dart:198:43 - unnecessary_underscores
   info - Unnecessary use of multiple underscores - lib\features\home\all_services_screen.dart:198:47 - unnecessary_underscores
warning - Unused import: '../../../../core/errors/failures.dart' - lib\features\home\data\repositories\mock_service_repository.dart:2:8 - unused_import
warning - Unused import: '../../../../core/errors/failures.dart' - lib\features\home\domain\repositories\service_repository.dart:1:8 - unused_import
warning - Unused import: '../../../auth/domain/repositories/auth_repository.dart' - lib\features\home\domain\repositories\service_repository.dart:3:8 - unused_import
warning - Unused import: '../../../../core/errors/failures.dart' - lib\features\home\providers\service_provider.dart:4:8 - unused_import
warning - Unused import: '../data/models/service_model.dart' - lib\features\home\screens\home_screen.dart:13:8 - unused_import
warning - Unused import: '../../address/data/models/address_model.dart' - lib\features\home\screens\home_screen.dart:25:8 - unused_import
   info - The private field _currentNavIndex could be 'final' - lib\features\home\screens\home_screen.dart:37:7 - prefer_final_fields
warning - The value of the field '_currentNavIndex' isn't used - lib\features\home\screens\home_screen.dart:37:7 - unused_field
warning - The value of the field '_locations' isn't used - lib\features\home\screens\home_screen.dart:45:22 - unused_field
   info - Don't invoke 'print' in production code - lib\features\home\screens\home_screen.dart:122:11 - avoid_print
   info - Don't invoke 'print' in production code - lib\features\home\screens\home_screen.dart:146:8 - avoid_print
   info - 'desiredAccuracy' is deprecated and shouldn't be used. use settings parameter with AndroidSettings, AppleSettings, WebSettings, or LocationSettings - lib\features\home\screens\home_screen.dart:177:9 - deprecated_member_use
   info - Don't invoke 'print' in production code - lib\features\home\screens\home_screen.dart:186:11 - avoid_print
   info - Don't invoke 'print' in production code - lib\features\home\screens\home_screen.dart:187:11 - avoid_print
   info - Don't invoke 'print' in production code - lib\features\home\screens\home_screen.dart:217:11 - avoid_print
   info - 'withOpacity' is deprecated and shouldn't be used. Use .withValues() to avoid precision loss - lib\features\home\screens\home_screen.dart:254:48 - deprecated_member_use
   info - Unnecessary use of multiple underscores - lib\features\home\screens\home_screen.dart:385:166 - unnecessary_underscores
   info - Unnecessary use of multiple underscores - lib\features\home\screens\home_screen.dart:385:170 - unnecessary_underscores
warning - Dead code - lib\features\home\screens\home_screen.dart:574:48 - dead_code
warning - The left operand can't be null, so the right operand is never executed - lib\features\home\screens\home_screen.dart:574:51 - dead_null_aware_expression
   info - The local variable '_currentNavIndex' starts with an underscore - lib\features\home\screens\home_screen.dart:632:11 - no_leading_underscores_for_local_identifiers
   info - The local variable '_currentNavIndex' starts with an underscore - lib\features\home\screens\home_screen.dart:1389:11 - no_leading_underscores_for_local_identifiers
   info - Unnecessary use of multiple underscores - lib\features\home\widgets\job_posting_modal.dart:112:39 - unnecessary_underscores
   info - Unnecessary use of multiple underscores - lib\features\home\widgets\job_posting_modal.dart:112:43 - unnecessary_underscores
   info - 'desiredAccuracy' is deprecated and shouldn't be used. use settings parameter with AndroidSettings, AppleSettings, WebSettings, or LocationSettings - lib\features\home\widgets\job_posting_modal.dart:339:60 - deprecated_member_use
   info - Unnecessary use of multiple underscores - lib\features\home\widgets\service_card.dart:112:47 - unnecessary_underscores
   info - Unnecessary use of multiple underscores - lib\features\home\widgets\service_card.dart:112:51 - unnecessary_underscores
   info - The imported package 'http_parser' isn't a dependency of the importing package - lib\features\job\data\repositories\remote_job_repository.dart:6:8 - depend_on_referenced_packages
   info - Statements in an if should be enclosed in a block - lib\features\job\data\repositories\remote_job_repository.dart:27:67 - curly_braces_in_flow_control_structures
   info - Statements in an if should be enclosed in a block - lib\features\job\data\repositories\remote_job_repository.dart:28:73 - curly_braces_in_flow_control_structures
   info - Statements in an if should be enclosed in a block - lib\features\job\data\repositories\remote_job_repository.dart:29:43 - curly_braces_in_flow_control_structures
   info - Statements in an if should be enclosed in a block - lib\features\job\data\repositories\remote_job_repository.dart:30:101 - curly_braces_in_flow_control_structures
   info - Use interpolation to compose strings and values - lib\features\job\data\repositories\remote_job_repository.dart:76:25 - prefer_interpolation_to_compose_strings
   info - Statements in an if should be enclosed in a block - lib\features\job\data\repositories\remote_job_repository.dart:88:67 - curly_braces_in_flow_control_structures
   info - Statements in an if should be enclosed in a block - lib\features\job\data\repositories\remote_job_repository.dart:89:73 - curly_braces_in_flow_control_structures
   info - Statements in an if should be enclosed in a block - lib\features\job\data\repositories\remote_job_repository.dart:90:43 - curly_braces_in_flow_control_structures
   info - Statements in an if should be enclosed in a block - lib\features\job\data\repositories\remote_job_repository.dart:91:101 - curly_braces_in_flow_control_structures
warning - The value of the local variable 'authProvider' isn't used - lib\features\job\screens\finding_providers_screen.dart:222:11 - unused_local_variable
warning - The value of the local variable 'size' isn't used - lib\features\job\screens\finding_providers_screen.dart:236:11 - unused_local_variable
   info - Unnecessary use of multiple underscores - lib\features\job\screens\finding_providers_screen.dart:248:28 - unnecessary_underscores
   info - 'withOpacity' is deprecated and shouldn't be used. Use .withValues() to avoid precision loss - lib\features\job\screens\finding_providers_screen.dart:319:54 - deprecated_member_use
   info - Don't use 'BuildContext's across async gaps - lib\features\job\screens\finding_providers_screen.dart:619:27 - use_build_context_synchronously
warning - Unused import: 'dart:io' - lib\features\job\screens\my_jobs_screen.dart:1:8 - unused_import
warning - Unused import: 'package:image_picker/image_picker.dart' - lib\features\job\screens\my_jobs_screen.dart:2:8 - unused_import
warning - Unused import: 'package:url_launcher/url_launcher.dart' - lib\features\job\screens\my_jobs_screen.dart:5:8 - unused_import
warning - Unused import: 'package:audioplayers/audioplayers.dart' - lib\features\job\screens\my_jobs_screen.dart:7:8 - unused_import
warning - Unused import: '../../../core/widgets/video_player_screen.dart' - lib\features\job\screens\my_jobs_screen.dart:9:8 - unused_import
warning - Unused import: '../data/models/job_post_model.dart' - lib\features\job\screens\my_jobs_screen.dart:12:8 - unused_import
warning - Duplicate import - lib\features\job\screens\my_jobs_screen.dart:14:8 - duplicate_import
warning - Duplicate import - lib\features\job\screens\my_jobs_screen.dart:15:8 - duplicate_import
warning - Duplicate import - lib\features\job\screens\my_jobs_screen.dart:17:8 - duplicate_import
warning - Duplicate import - lib\features\job\screens\my_jobs_screen.dart:18:8 - duplicate_import
   info - 'withOpacity' is deprecated and shouldn't be used. Use .withValues() to avoid precision loss - lib\features\job\screens\my_jobs_screen.dart:121:59 - deprecated_member_use
   info - Don't use 'BuildContext's across async gaps, guarded by an unrelated 'mounted' check - lib\features\job\screens\my_jobs_screen.dart:344:44 - use_build_context_synchronously
   info - Don't use 'BuildContext's across async gaps, guarded by an unrelated 'mounted' check - lib\features\job\screens\my_jobs_screen.dart:346:42 - use_build_context_synchronously
warning - The value of the field '_currentLocation' isn't used - lib\features\job\screens\post_job_screen.dart:45:16 - unused_field
warning - The value of the field '_recordDuration' isn't used - lib\features\job\screens\post_job_screen.dart:55:7 - unused_field
   info - Don't invoke 'print' in production code - lib\features\job\screens\post_job_screen.dart:315:7 - avoid_print
   info - Don't invoke 'print' in production code - lib\features\job\screens\post_job_screen.dart:323:7 - avoid_print
   info - Don't invoke 'print' in production code - lib\features\job\screens\post_job_screen.dart:329:7 - avoid_print
warning - The value of the field '_savedAddresses' isn't used - lib\features\location\location_picker_screen.dart:25:35 - unused_field
   info - 'desiredAccuracy' is deprecated and shouldn't be used. use settings parameter with AndroidSettings, AppleSettings, WebSettings, or LocationSettings - lib\features\location\location_picker_screen.dart:94:62 - deprecated_member_use
warning - The declaration '_buildAddNewButton' isn't referenced - lib\features\location\location_picker_screen.dart:353:10 - unused_element
warning - Unused import: 'package:flutter/material.dart' - lib\features\notifications\data\models\notification_model.dart:1:8 - unused_import
   info - Don't invoke 'print' in production code - lib\features\notifications\data\repositories\remote_notification_repository.dart:79:7 - avoid_print
   info - Don't invoke 'print' in production code - lib\features\notifications\data\repositories\remote_notification_repository.dart:81:7 - avoid_print
   info - Don't invoke 'print' in production code - lib\features\notifications\providers\notification_provider.dart:30:8 - avoid_print
   info - Don't invoke 'print' in production code - lib\features\notifications\providers\notification_provider.dart:62:5 - avoid_print
   info - Don't invoke 'print' in production code - lib\features\notifications\providers\notification_provider.dart:63:5 - avoid_print
   info - Don't invoke 'print' in production code - lib\features\notifications\providers\notification_provider.dart:71:7 - avoid_print
   info - Don't invoke 'print' in production code - lib\features\notifications\providers\notification_provider.dart:73:7 - avoid_print
   info - Don't invoke 'print' in production code - lib\features\notifications\providers\notification_provider.dart:74:7 - avoid_print
   info - Don't invoke 'print' in production code - lib\features\profile\data\repositories\remote_profile_repository.dart:17:7 - avoid_print
   info - Don't invoke 'print' in production code - lib\features\profile\data\repositories\remote_profile_repository.dart:31:7 - avoid_print
   info - Don't invoke 'print' in production code - lib\features\profile\data\repositories\remote_profile_repository.dart:38:7 - avoid_print
   info - Don't invoke 'print' in production code - lib\features\profile\data\repositories\remote_profile_repository.dart:39:7 - avoid_print
   info - Don't invoke 'print' in production code - lib\features\profile\data\repositories\remote_profile_repository.dart:51:7 - avoid_print
   info - Don't invoke 'print' in production code - lib\features\profile\data\repositories\remote_profile_repository.dart:65:7 - avoid_print
   info - Don't invoke 'print' in production code - lib\features\profile\data\repositories\remote_profile_repository.dart:72:7 - avoid_print
   info - Don't invoke 'print' in production code - lib\features\profile\data\repositories\remote_profile_repository.dart:73:7 - avoid_print
   info - Don't invoke 'print' in production code - lib\features\profile\data\repositories\remote_profile_repository.dart:76:7 - avoid_print
   info - Don't invoke 'print' in production code - lib\features\profile\data\repositories\remote_profile_repository.dart:81:7 - avoid_print
   info - Don't invoke 'print' in production code - lib\features\profile\data\repositories\remote_profile_repository.dart:84:7 - avoid_print
   info - Don't invoke 'print' in production code - lib\features\profile\data\repositories\remote_profile_repository.dart:85:7 - avoid_print
   info - Don't invoke 'print' in production code - lib\features\profile\data\repositories\remote_profile_repository.dart:88:7 - avoid_print
   info - Don't invoke 'print' in production code - lib\features\profile\data\repositories\remote_profile_repository.dart:100:7 - avoid_print
   info - Don't invoke 'print' in production code - lib\features\profile\data\repositories\remote_profile_repository.dart:101:7 - avoid_print
   info - Don't invoke 'print' in production code - lib\features\profile\data\repositories\remote_profile_repository.dart:105:7 - avoid_print
   info - Don't invoke 'print' in production code - lib\features\profile\data\repositories\remote_profile_repository.dart:106:7 - avoid_print
   info - Don't invoke 'print' in production code - lib\features\profile\data\repositories\remote_profile_repository.dart:107:7 - avoid_print
warning - Unused import: 'package:home_technify/features/auth/data/models/user_model.dart' - lib\features\profile\edit_profile_screen.dart:9:8 - unused_import
   info - Don't invoke 'print' in production code - lib\features\profile\edit_profile_screen.dart:43:5 - avoid_print
   info - Don't invoke 'print' in production code - lib\features\profile\edit_profile_screen.dart:44:5 - avoid_print
   info - Don't invoke 'print' in production code - lib\features\profile\edit_profile_screen.dart:473:11 - avoid_print
   info - Don't invoke 'print' in production code - lib\features\profile\edit_profile_screen.dart:478:13 - avoid_print
   info - Don't invoke 'print' in production code - lib\features\profile\edit_profile_screen.dart:486:14 - avoid_print
   info - Don't invoke 'print' in production code - lib\features\profile\edit_profile_screen.dart:491:16 - avoid_print
   info - Don't use 'BuildContext's across async gaps, guarded by an unrelated 'mounted' check - lib\features\profile\edit_profile_screen.dart:493:37 - use_build_context_synchronously
   info - Don't invoke 'print' in production code - lib\features\profile\edit_profile_screen.dart:510:11 - avoid_print
   info - Don't invoke 'print' in production code - lib\features\profile\edit_profile_screen.dart:512:11 - avoid_print
   info - Don't use 'BuildContext's across async gaps, guarded by an unrelated 'mounted' check - lib\features\profile\edit_profile_screen.dart:517:35 - use_build_context_synchronously
   info - Don't use 'BuildContext's across async gaps, guarded by an unrelated 'mounted' check - lib\features\profile\edit_profile_screen.dart:525:27 - use_build_context_synchronously
   info - Don't invoke 'print' in production code - lib\features\profile\edit_profile_screen.dart:527:14 - avoid_print
   info - Don't use 'BuildContext's across async gaps, guarded by an unrelated 'mounted' check - lib\features\profile\edit_profile_screen.dart:528:35 - use_build_context_synchronously
   info - Don't use 'BuildContext's across async gaps, guarded by an unrelated 'mounted' check - lib\features\profile\edit_profile_screen.dart:534:41 - use_build_context_synchronously
warning - The value of the local variable 'userName' isn't used - lib\features\profile\profile_screen.dart:63:11 - unused_local_variable
warning - The value of the local variable 'userEmail' isn't used - lib\features\profile\profile_screen.dart:64:11 - unused_local_variable
warning - Unused import: '../../../../core/utils/result.dart' - lib\features\profile\providers\profile_provider.dart:4:8 - unused_import
   info - The member 'toggleNotifications' overrides an inherited member but isn't annotated with '@override' - lib\features\provider\data\repositories\remote_provider_repository.dart:109:24 - annotate_overrides
   info - The member 'markNotificationAsRead' overrides an inherited member but isn't annotated with '@override' - lib\features\provider\data\repositories\remote_provider_repository.dart:128:24 - annotate_overrides
warning - Unused import: 'package:permission_handler/permission_handler.dart' - lib\features\provider\screens\advertise_service_screen.dart:12:8 - unused_import
   info - Don't use 'BuildContext's across async gaps - lib\features\provider\screens\advertise_service_screen.dart:83:26 - use_build_context_synchronously
   info - Don't use 'BuildContext's across async gaps - lib\features\provider\screens\advertise_service_screen.dart:84:33 - use_build_context_synchronously
   info - Don't use 'BuildContext's across async gaps - lib\features\provider\screens\advertise_service_screen.dart:94:26 - use_build_context_synchronously
   info - Don't use 'BuildContext's across async gaps - lib\features\provider\screens\advertise_service_screen.dart:95:33 - use_build_context_synchronously
   info - Don't use 'BuildContext's across async gaps - lib\features\provider\screens\advertise_service_screen.dart:110:21 - use_build_context_synchronously
   info - Don't use 'BuildContext's across async gaps - lib\features\provider\screens\advertise_service_screen.dart:115:30 - use_build_context_synchronously
   info - Don't use 'BuildContext's across async gaps - lib\features\provider\screens\advertise_service_screen.dart:121:21 - use_build_context_synchronously
   info - Don't use 'BuildContext's across async gaps - lib\features\provider\screens\advertise_service_screen.dart:122:28 - use_build_context_synchronously
   info - Don't use 'BuildContext's across async gaps - lib\features\provider\screens\advertise_service_screen.dart:162:28 - use_build_context_synchronously
warning - The declaration '_buildPaymentMethodRow' isn't referenced - lib\features\provider\screens\advertise_service_screen.dart:292:10 - unused_element
   info - 'withOpacity' is deprecated and shouldn't be used. Use .withValues() to avoid precision loss - lib\features\provider\screens\bank_detail_screen.dart:127:46 - deprecated_member_use
   info - 'withOpacity' is deprecated and shouldn't be used. Use .withValues() to avoid precision loss - lib\features\provider\screens\bank_detail_screen.dart:141:75 - deprecated_member_use
   info - 'withOpacity' is deprecated and shouldn't be used. Use .withValues() to avoid precision loss - lib\features\provider\screens\bank_detail_screen.dart:151:46 - deprecated_member_use
   info - 'withOpacity' is deprecated and shouldn't be used. Use .withValues() to avoid precision loss - lib\features\provider\screens\bank_detail_screen.dart:183:62 - deprecated_member_use
   info - 'withOpacity' is deprecated and shouldn't be used. Use .withValues() to avoid precision loss - lib\features\provider\screens\bank_detail_screen.dart:236:46 - deprecated_member_use
   info - 'withOpacity' is deprecated and shouldn't be used. Use .withValues() to avoid precision loss - lib\features\provider\screens\bank_detail_screen.dart:248:46 - deprecated_member_use
   info - 'withOpacity' is deprecated and shouldn't be used. Use .withValues() to avoid precision loss - lib\features\provider\screens\bank_detail_screen.dart:267:77 - deprecated_member_use
   info - 'withOpacity' is deprecated and shouldn't be used. Use .withValues() to avoid precision loss - lib\features\provider\screens\bank_detail_screen.dart:274:54 - deprecated_member_use
   info - 'withOpacity' is deprecated and shouldn't be used. Use .withValues() to avoid precision loss - lib\features\provider\screens\bank_detail_screen.dart:285:50 - deprecated_member_use
   info - 'withOpacity' is deprecated and shouldn't be used. Use .withValues() to avoid precision loss - lib\features\provider\screens\bank_detail_screen.dart:302:71 - deprecated_member_use
   info - 'withOpacity' is deprecated and shouldn't be used. Use .withValues() to avoid precision loss - lib\features\provider\screens\bank_detail_screen.dart:330:83 - deprecated_member_use
   info - 'withOpacity' is deprecated and shouldn't be used. Use .withValues() to avoid precision loss - lib\features\provider\screens\bank_detail_screen.dart:339:68 - deprecated_member_use
   info - 'withOpacity' is deprecated and shouldn't be used. Use .withValues() to avoid precision loss - lib\features\provider\screens\bank_detail_screen.dart:355:81 - deprecated_member_use
   info - 'withOpacity' is deprecated and shouldn't be used. Use .withValues() to avoid precision loss - lib\features\provider\screens\bank_detail_screen.dart:414:45 - deprecated_member_use
   info - 'withOpacity' is deprecated and shouldn't be used. Use .withValues() to avoid precision loss - lib\features\provider\screens\bank_detail_screen.dart:431:56 - deprecated_member_use
   info - 'withOpacity' is deprecated and shouldn't be used. Use .withValues() to avoid precision loss - lib\features\provider\screens\bank_detail_screen.dart:459:45 - deprecated_member_use
   info - 'withOpacity' is deprecated and shouldn't be used. Use .withValues() to avoid precision loss - lib\features\provider\screens\bank_detail_screen.dart:477:56 - deprecated_member_use
   info - 'withOpacity' is deprecated and shouldn't be used. Use .withValues() to avoid precision loss - lib\features\provider\screens\bank_detail_screen.dart:507:60 - deprecated_member_use
   info - 'withOpacity' is deprecated and shouldn't be used. Use .withValues() to avoid precision loss - lib\features\provider\screens\bank_detail_screen.dart:524:52 - deprecated_member_use
   info - 'withOpacity' is deprecated and shouldn't be used. Use .withValues() to avoid precision loss - lib\features\provider\screens\bank_detail_screen.dart:526:71 - deprecated_member_use
warning - Unused import: '../../auth/providers/auth_provider.dart' - lib\features\provider\screens\booking_request_screen.dart:11:8 - unused_import
warning - The value of the local variable 'monthlyRevenue' isn't used - lib\features\provider\screens\earnings_screen.dart:56:17 - unused_local_variable
   info - Don't use 'BuildContext's across async gaps - lib\features\provider\screens\edit_profile_screen.dart:59:13 - use_build_context_synchronously
   info - Unnecessary use of multiple underscores - lib\features\provider\screens\job_post_detail_screen.dart:184:35 - unnecessary_underscores
   info - Unnecessary use of multiple underscores - lib\features\provider\screens\job_post_detail_screen.dart:242:40 - unnecessary_underscores
warning - The operand can't be 'null', so the condition is always 'false' - lib\features\provider\screens\job_post_detail_screen.dart:313:27 - unnecessary_null_comparison
warning - The '!' will have no effect because the receiver can't be null - lib\features\provider\screens\job_post_detail_screen.dart:313:53 - unnecessary_non_null_assertion
warning - The '!' will have no effect because the receiver can't be null - lib\features\provider\screens\job_post_detail_screen.dart:323:35 - unnecessary_non_null_assertion
warning - Unused import: 'package:home_technify/core/services/marketplace_controller.dart' - lib\features\provider\screens\job_requests_screen.dart:9:8 - unused_import
warning - Unused import: '../widgets/insufficient_funds_dialog.dart' - lib\features\provider\screens\job_requests_screen.dart:10:8 - unused_import
warning - The value of the local variable 'mediaType' isn't used - lib\features\provider\screens\job_requests_screen.dart:176:11 - unused_local_variable
warning - Dead code - lib\features\provider\screens\job_requests_screen.dart:343:48 - dead_code
warning - The left operand can't be null, so the right operand is never executed - lib\features\provider\screens\job_requests_screen.dart:343:51 - dead_null_aware_expression
warning - The operand can't be 'null', so the condition is always 'true' - lib\features\provider\screens\job_requests_screen.dart:367:35 - unnecessary_null_comparison
warning - The '!' will have no effect because the receiver can't be null - lib\features\provider\screens\job_requests_screen.dart:377:42 - unnecessary_non_null_assertion
   info - Don't use 'BuildContext's across async gaps - lib\features\provider\screens\ongoing_service_screen.dart:319:20 - use_build_context_synchronously
   info - Don't use 'BuildContext's across async gaps - lib\features\provider\screens\ongoing_service_screen.dart:324:36 - use_build_context_synchronously
   info - Don't use 'BuildContext's across async gaps - lib\features\provider\screens\ongoing_service_screen.dart:416:39 - use_build_context_synchronously
   info - Don't use 'BuildContext's across async gaps - lib\features\provider\screens\provider_dashboard_screen.dart:171:7 - use_build_context_synchronously
   info - Don't use 'BuildContext's across async gaps - lib\features\provider\screens\provider_dashboard_screen.dart:172:7 - use_build_context_synchronously
warning - Dead code - lib\features\provider\screens\provider_dashboard_screen.dart:686:47 - dead_code
warning - The left operand can't be null, so the right operand is never executed - lib\features\provider\screens\provider_dashboard_screen.dart:686:50 - dead_null_aware_expression
warning - Unused import: 'package:provider/provider.dart' - lib\features\provider\screens\provider_login_screen.dart:5:8 - unused_import
warning - Unused import: '../../auth/providers/auth_provider.dart' - lib\features\provider\screens\provider_login_screen.dart:9:8 - unused_import
   info - Don't use 'BuildContext's across async gaps - lib\features\provider\screens\provider_login_screen.dart:79:43 - use_build_context_synchronously
   info - Don't use 'BuildContext's across async gaps - lib\features\provider\screens\provider_login_screen.dart:110:38 - use_build_context_synchronously
   info - Don't use 'BuildContext's across async gaps - lib\features\provider\screens\provider_login_screen.dart:152:38 - use_build_context_synchronously
   info - Unnecessary use of multiple underscores - lib\features\provider\screens\provider_login_screen.dart:261:43 - unnecessary_underscores
   info - Unnecessary use of multiple underscores - lib\features\provider\screens\provider_login_screen.dart:261:47 - unnecessary_underscores
warning - The declaration '_buildLabel' isn't referenced - lib\features\provider\screens\provider_login_screen.dart:501:10 - unused_element
warning - Unused import: '../../auth/providers/auth_provider.dart' - lib\features\provider\screens\provider_notifications_screen.dart:11:8 - unused_import
warning - Unused import: '../../auth/providers/auth_provider.dart' - lib\features\provider\screens\provider_onboarding_screen.dart:11:8 - unused_import
warning - Unused import: '../../auth/data/models/user_model.dart' - lib\features\provider\screens\provider_onboarding_screen.dart:12:8 - unused_import
   info - Don't use 'BuildContext's across async gaps - lib\features\provider\screens\provider_onboarding_screen.dart:386:36 - use_build_context_synchronously
   info - Unnecessary use of multiple underscores - lib\features\provider\screens\provider_onboarding_screen.dart:671:39 - unnecessary_underscores
   info - Unnecessary use of multiple underscores - lib\features\provider\screens\provider_onboarding_screen.dart:671:43 - unnecessary_underscores
warning - Unused import: '../../../core/services/marketplace_controller.dart' - lib\features\provider\screens\provider_profile_screen.dart:9:8 - unused_import
warning - The value of the field '_profileImagePath' isn't used - lib\features\provider\screens\provider_profile_screen.dart:23:11 - unused_field
warning - The value of the local variable 'isCnicVerified' isn't used - lib\features\provider\screens\provider_profile_screen.dart:367:11 - unused_local_variable
warning - Dead code - lib\features\provider\screens\provider_profile_screen.dart:391:66 - dead_code
warning - Dead code - lib\features\provider\screens\provider_profile_screen.dart:395:68 - dead_code
warning - Dead code - lib\features\provider\screens\provider_profile_screen.dart:396:65 - dead_code
warning - Dead code - lib\features\provider\screens\provider_profile_screen.dart:405:63 - dead_code
warning - Dead code - lib\features\provider\screens\provider_profile_screen.dart:409:79 - dead_code
warning - The declaration '_showFullScreenImage' isn't referenced - lib\features\provider\screens\provider_profile_screen.dart:428:8 - unused_element
   info - Don't use 'BuildContext's across async gaps - lib\features\provider\screens\provider_profile_screen.dart:681:24 - use_build_context_synchronously
warning - Unused import: '../../../../core/utils/responsive.dart' - lib\features\provider\screens\provider_services_screen.dart:6:8 - unused_import
   info - 'withOpacity' is deprecated and shouldn't be used. Use .withValues() to avoid precision loss - lib\features\provider\screens\provider_services_screen.dart:145:50 - deprecated_member_use
   info - 'withOpacity' is deprecated and shouldn't be used. Use .withValues() to avoid precision loss - lib\features\provider\screens\provider_services_screen.dart:156:43 - deprecated_member_use
   info - 'withOpacity' is deprecated and shouldn't be used. Use .withValues() to avoid precision loss - lib\features\provider\screens\provider_services_screen.dart:201:62 - deprecated_member_use
   info - 'withOpacity' is deprecated and shouldn't be used. Use .withValues() to avoid precision loss - lib\features\provider\screens\provider_services_screen.dart:305:33 - deprecated_member_use
warning - Unused import: '../../../core/utils/responsive.dart' - lib\features\provider\screens\reviews_screen.dart:8:8 - unused_import
warning - The value of the local variable 'paymentMethod' isn't used - lib\features\provider\screens\service_complete_screen.dart:230:11 - unused_local_variable
warning - Dead code - lib\features\provider\screens\service_complete_screen.dart:242:13 - dead_code
warning - Dead code - lib\features\provider\screens\service_complete_screen.dart:246:56 - dead_code
warning - Dead code - lib\features\provider\screens\service_complete_screen.dart:259:51 - dead_code
warning - Dead code - lib\features\provider\screens\service_complete_screen.dart:265:51 - dead_code
warning - Dead code - lib\features\provider\screens\service_complete_screen.dart:297:54 - dead_code
warning - Dead code - lib\features\provider\screens\service_complete_screen.dart:303:54 - dead_code
warning - Unused import: '../../../../core/utils/responsive.dart' - lib\features\provider\screens\wallet_history_screen.dart:7:8 - unused_import
   info - 'withOpacity' is deprecated and shouldn't be used. Use .withValues() to avoid precision loss - lib\features\provider\screens\wallet_history_screen.dart:74:44 - deprecated_member_use
   info - 'withOpacity' is deprecated and shouldn't be used. Use .withValues() to avoid precision loss - lib\features\provider\screens\wallet_history_screen.dart:108:33 - deprecated_member_use
   info - 'withOpacity' is deprecated and shouldn't be used. Use .withValues() to avoid precision loss - lib\features\provider\screens\wallet_history_screen.dart:119:40 - deprecated_member_use
   info - 'withOpacity' is deprecated and shouldn't be used. Use .withValues() to avoid precision loss - lib\features\provider\screens\wallet_history_screen.dart:140:69 - deprecated_member_use
   info - 'withOpacity' is deprecated and shouldn't be used. Use .withValues() to avoid precision loss - lib\features\provider\screens\wallet_history_screen.dart:156:44 - deprecated_member_use
   info - The private field _useSimulation could be 'final' - lib\features\provider_map\provider_map_screen.dart:47:8 - prefer_final_fields
warning - The value of the field '_isLoadingLocation' isn't used - lib\features\provider_map\provider_map_screen.dart:52:8 - unused_field
   info - Don't use 'BuildContext's across async gaps - lib\features\settings\settings_screen.dart:76:31 - use_build_context_synchronously
   info - The member 'build' overrides an inherited member but isn't annotated with '@override' - lib\features\settings\settings_screen.dart:105:10 - annotate_overrides
   info - Don't use 'BuildContext's across async gaps, guarded by an unrelated 'mounted' check - lib\features\settings\settings_screen.dart:430:40 - use_build_context_synchronously
   info - Don't use 'BuildContext's across async gaps, guarded by an unrelated 'mounted' check - lib\features\settings\settings_screen.dart:434:40 - use_build_context_synchronously
   info - Don't use 'BuildContext's across async gaps, guarded by an unrelated 'mounted' check - lib\features\settings\settings_screen.dart:468:54 - use_build_context_synchronously
   info - Don't use 'BuildContext's across async gaps, guarded by an unrelated 'mounted' check - lib\features\settings\settings_screen.dart:470:41 - use_build_context_synchronously
warning - Unused import: '../../core/services/firebase_auth_service.dart' - lib\features\splash\splash_screen.dart:7:8 - unused_import
warning - Unused import: 'package:home_technify/core/utils/snackbar_helper.dart' - lib\main.dart:7:8 - unused_import
warning - Unused import: 'features/auth/screens/otp_screen.dart' - lib\main.dart:42:8 - unused_import
warning - Unused import: 'features/provider/screens/services_list_screen.dart' - lib\main.dart:94:8 - unused_import
warning - Unused import: 'features/chat/screens/negotiation_screen.dart' - lib\main.dart:110:8 - unused_import

flutter : 389 issues found. (ran in 12.3s)
At line:1 char:1
+ flutter analyze > errors.txt 2>&1; Get-Content errors.txt | Select-Ob ...
+ ~~~~~~~~~~~~~~~~~~~~~~~~~~~~~~~~~
    + CategoryInfo          : NotSpecified: (389 issues found. (ran in 12.3s): 
   String) [], RemoteException
    + FullyQualifiedErrorId : NativeCommandError
 
